// Jest Snapshot v1, https://goo.gl/fbAQLP

exports[`App App render should match snapshot 1`] = `
<div>
  <div
    className="reviewsModule"
  >
    <GuestReviews
      overallStar={0}
    />
    <div
      className="rightSide"
    >
      <div>
        <ReviewList
          reviews={Array []}
        />
      </div>
      <div
        className="pageSelector"
      >
        <PageSelector
          currPage={1}
          jumpToPage={[Function]}
          totalPages={0}
        />
      </div>
    </div>
  </div>
</div>
`;
